/home/yoclu/Downloads/SE_data/clean_wav/wav2_200_00145.wav
/home/yoclu/Downloads/SE_data/clean_wav/MBJV0_MBJV0_SX257.wav
/home/yoclu/Downloads/SE_data/clean_wav/MCSH0_MCSH0_SI919.wav
/home/yoclu/Downloads/SE_data/clean_wav/MTMT0_MTMT0_SX38.wav
/home/yoclu/Downloads/SE_data/clean_wav/wav6_200_100166.wav
/home/yoclu/Downloads/SE_data/clean_wav/MPGR1_MPGR1_SI2129.wav
/home/yoclu/Downloads/SE_data/clean_wav/MFWK0_MFWK0_SX169.wav
/home/yoclu/Downloads/SE_data/clean_wav/MEGJ0_MEGJ0_SI707.wav
/home/yoclu/Downloads/SE_data/clean_wav/MLSH0_MLSH0_SX337.wav
/home/yoclu/Downloads/SE_data/clean_wav/MJMA0_MJMA0_SX235.wav
/home/yoclu/Downloads/SE_data/clean_wav/MGRL0_MGRL0_SI867.wav
/home/yoclu/Downloads/SE_data/clean_wav/MDAS0_MDAS0_SI1896.wav
/home/yoclu/Downloads/SE_data/clean_wav/MWRE0_MWRE0_SX157.wav
/home/yoclu/Downloads/SE_data/clean_wav/wav3_200_000120.wav
/home/yoclu/Downloads/SE_data/clean_wav/FETB0_FETB0_SX428.wav
/home/yoclu/Downloads/SE_data/clean_wav/MRTC0_MRTC0_SX198.wav
/home/yoclu/Downloads/SE_data/clean_wav/speaker194_11951022.wav
/home/yoclu/Downloads/SE_data/clean_wav/wav5_200_16k_107108.wav
/home/yoclu/Downloads/SE_data/clean_wav/wav4_200_16k_100043.wav
/home/yoclu/Downloads/SE_data/clean_wav/wav2_200_00151.wav
/home/yoclu/Downloads/SE_data/clean_wav/MMGG0_MMGG0_SX359.wav
/home/yoclu/Downloads/SE_data/clean_wav/FEXM0_FEXM0_SX111.wav
/home/yoclu/Downloads/SE_data/clean_wav/wav4_200_16k_100198.wav
/home/yoclu/Downloads/SE_data/clean_wav/wav3_200_000014.wav
/home/yoclu/Downloads/SE_data/clean_wav/FDTD0_FDTD0_SI2191.wav
/home/yoclu/Downloads/SE_data/clean_wav/MPAM0_MPAM0_SX379.wav
/home/yoclu/Downloads/SE_data/clean_wav/MSAT0_MSAT0_SI896.wav
/home/yoclu/Downloads/SE_data/clean_wav/FLOD0_FLOD0_SX297.wav
/home/yoclu/Downloads/SE_data/clean_wav/MWEW0_MWEW0_SI1361.wav
/home/yoclu/Downloads/SE_data/clean_wav/MREE0_MREE0_SX114.wav
/home/yoclu/Downloads/SE_data/clean_wav/MBDG0_MBDG0_SX23.wav
/home/yoclu/Downloads/SE_data/clean_wav/FSJG0_FSJG0_SX310.wav
/home/yoclu/Downloads/SE_data/clean_wav/FCMG0_FCMG0_SI1242.wav
/home/yoclu/Downloads/SE_data/clean_wav/speaker195_11961014.wav
/home/yoclu/Downloads/SE_data/clean_wav/MRCW0_MRCW0_SX201.wav
/home/yoclu/Downloads/SE_data/clean_wav/wav2_200_00198.wav
/home/yoclu/Downloads/SE_data/clean_wav/MSMR0_MSMR0_SI1405.wav
/home/yoclu/Downloads/SE_data/clean_wav/MCDD0_MCDD0_SX253.wav
/home/yoclu/Downloads/SE_data/clean_wav/wav2_200_00110.wav
/home/yoclu/Downloads/SE_data/clean_wav/wav4_200_16k_100129.wav
/home/yoclu/Downloads/SE_data/clean_wav/wav7_200_aslp_zhy_00005.wav
/home/yoclu/Downloads/SE_data/clean_wav/wav3_200_000118.wav
/home/yoclu/Downloads/SE_data/clean_wav/FDAW0_FDAW0_SX146.wav
/home/yoclu/Downloads/SE_data/clean_wav/MCSH0_MCSH0_SX289.wav
/home/yoclu/Downloads/SE_data/clean_wav/wav5_200_16k_107123.wav
/home/yoclu/Downloads/SE_data/clean_wav/FHXS0_FHXS0_SX265.wav
/home/yoclu/Downloads/SE_data/clean_wav/MJWG0_MJWG0_SX445.wav
/home/yoclu/Downloads/SE_data/clean_wav/MMDM1_MMDM1_SX153.wav
/home/yoclu/Downloads/SE_data/clean_wav/MHIT0_MHIT0_SX173.wav
/home/yoclu/Downloads/SE_data/clean_wav/MCAL0_MCAL0_SI1768.wav
/home/yoclu/Downloads/SE_data/clean_wav/speaker199_12001037.wav
/home/yoclu/Downloads/SE_data/clean_wav/MJRG0_MJRG0_SI736.wav
/home/yoclu/Downloads/SE_data/clean_wav/MPRD0_MPRD0_SX171.wav
/home/yoclu/Downloads/SE_data/clean_wav/FKLC1_FKLC1_SI1678.wav
/home/yoclu/Downloads/SE_data/clean_wav/FDFB0_FDFB0_SX148.wav
/home/yoclu/Downloads/SE_data/clean_wav/FJEM0_FJEM0_SX4.wav
/home/yoclu/Downloads/SE_data/clean_wav/wav5_200_16k_107120.wav
/home/yoclu/Downloads/SE_data/clean_wav/FJKL0_FJKL0_SI932.wav
/home/yoclu/Downloads/SE_data/clean_wav/MGES0_MGES0_SX401.wav
/home/yoclu/Downloads/SE_data/clean_wav/MDTB0_MDTB0_SX390.wav
/home/yoclu/Downloads/SE_data/clean_wav/FNLP0_FNLP0_SX228.wav
/home/yoclu/Downloads/SE_data/clean_wav/wav7_200_aslp_zhy_00045.wav
/home/yoclu/Downloads/SE_data/clean_wav/MRAI0_MRAI0_SX342.wav
/home/yoclu/Downloads/SE_data/clean_wav/MBWM0_MBWM0_SI1304.wav
/home/yoclu/Downloads/SE_data/clean_wav/MCDD0_MCDD0_SX73.wav
/home/yoclu/Downloads/SE_data/clean_wav/MRXB0_MRXB0_SX415.wav
/home/yoclu/Downloads/SE_data/clean_wav/MMDG0_MMDG0_SI2035.wav
/home/yoclu/Downloads/SE_data/clean_wav/MKAM0_MKAM0_SI1465.wav
/home/yoclu/Downloads/SE_data/clean_wav/MLJC0_MLJC0_SX55.wav
/home/yoclu/Downloads/SE_data/clean_wav/MJEB1_MJEB1_SX207.wav
/home/yoclu/Downloads/SE_data/clean_wav/MGSL0_MGSL0_SX354.wav
/home/yoclu/Downloads/SE_data/clean_wav/FJLM0_FJLM0_SX53.wav
/home/yoclu/Downloads/SE_data/clean_wav/MGAG0_MGAG0_SX241.wav
/home/yoclu/Downloads/SE_data/clean_wav/MDHL0_MDHL0_SI809.wav
/home/yoclu/Downloads/SE_data/clean_wav/MDSS1_MDSS1_SI697.wav
/home/yoclu/Downloads/SE_data/clean_wav/MRTC0_MRTC0_SI1458.wav
/home/yoclu/Downloads/SE_data/clean_wav/FMAH0_FMAH0_SX209.wav
/home/yoclu/Downloads/SE_data/clean_wav/wav3_200_000096.wav
/home/yoclu/Downloads/SE_data/clean_wav/MJMP0_MJMP0_SX275.wav
/home/yoclu/Downloads/SE_data/clean_wav/wav3_200_000178.wav
/home/yoclu/Downloads/SE_data/clean_wav/MRDD0_MRDD0_SX150.wav
/home/yoclu/Downloads/SE_data/clean_wav/FSSB0_FSSB0_SX272.wav
/home/yoclu/Downloads/SE_data/clean_wav/wav3_200_000160.wav
/home/yoclu/Downloads/SE_data/clean_wav/wav5_200_16k_107183.wav
/home/yoclu/Downloads/SE_data/clean_wav/wav5_200_16k_107115.wav
/home/yoclu/Downloads/SE_data/clean_wav/wav2_200_00019.wav
/home/yoclu/Downloads/SE_data/clean_wav/wav7_200_aslp_zhy_00144.wav
/home/yoclu/Downloads/SE_data/clean_wav/FRJB0_FRJB0_SX77.wav
/home/yoclu/Downloads/SE_data/clean_wav/FGJD0_FGJD0_SX279.wav
/home/yoclu/Downloads/SE_data/clean_wav/MJRP0_MJRP0_SX45.wav
/home/yoclu/Downloads/SE_data/clean_wav/FCMG0_FCMG0_SX72.wav
/home/yoclu/Downloads/SE_data/clean_wav/wav6_200_100023.wav
/home/yoclu/Downloads/SE_data/clean_wav/wav3_200_000141.wav
/home/yoclu/Downloads/SE_data/clean_wav/wav2_200_00084.wav
/home/yoclu/Downloads/SE_data/clean_wav/MJLB0_MJLB0_SX266.wav
/home/yoclu/Downloads/SE_data/clean_wav/FGJD0_FGJD0_SI818.wav
/home/yoclu/Downloads/SE_data/clean_wav/MJPM0_MJPM0_SX198.wav
/home/yoclu/Downloads/SE_data/clean_wav/MKLW0_MKLW0_SX401.wav
/home/yoclu/Downloads/SE_data/clean_wav/FKKH0_FKKH0_SX300.wav
/home/yoclu/Downloads/SE_data/clean_wav/FMJF0_FMJF0_SI1884.wav
/home/yoclu/Downloads/SE_data/clean_wav/MNJM0_MNJM0_SX230.wav
/home/yoclu/Downloads/SE_data/clean_wav/MRKM0_MRKM0_SX7.wav
/home/yoclu/Downloads/SE_data/clean_wav/MDWD0_MDWD0_SX90.wav
/home/yoclu/Downloads/SE_data/clean_wav/MBOM0_MBOM0_SX311.wav
/home/yoclu/Downloads/SE_data/clean_wav/MSES0_MSES0_SX419.wav
/home/yoclu/Downloads/SE_data/clean_wav/MTXS0_MTXS0_SI1060.wav
/home/yoclu/Downloads/SE_data/clean_wav/FSGF0_FSGF0_SI2187.wav
/home/yoclu/Downloads/SE_data/clean_wav/wav7_200_aslp_zhy_00177.wav
/home/yoclu/Downloads/SE_data/clean_wav/wav6_200_100095.wav
/home/yoclu/Downloads/SE_data/clean_wav/MRCW0_MRCW0_SI1371.wav
/home/yoclu/Downloads/SE_data/clean_wav/wav_200_0041.wav
/home/yoclu/Downloads/SE_data/clean_wav/wav6_200_100055.wav
/home/yoclu/Downloads/SE_data/clean_wav/MNJM0_MNJM0_SX50.wav
/home/yoclu/Downloads/SE_data/clean_wav/wav5_200_16k_107089.wav
/home/yoclu/Downloads/SE_data/clean_wav/MKRG0_MKRG0_SX411.wav
/home/yoclu/Downloads/SE_data/clean_wav/FHXS0_FHXS0_SI1075.wav
/home/yoclu/Downloads/SE_data/clean_wav/FJXP0_FJXP0_SI1752.wav
/home/yoclu/Downloads/SE_data/clean_wav/MMRP0_MMRP0_SX54.wav
/home/yoclu/Downloads/SE_data/clean_wav/MDAC0_MDAC0_SI1261.wav
/home/yoclu/Downloads/SE_data/clean_wav/MJXL0_MJXL0_SI542.wav
/home/yoclu/Downloads/SE_data/clean_wav/MKAM0_MKAM0_SX326.wav
/home/yoclu/Downloads/SE_data/clean_wav/FKDW0_FKDW0_SX397.wav
/home/yoclu/Downloads/SE_data/clean_wav/wav2_200_00026.wav
/home/yoclu/Downloads/SE_data/clean_wav/wav_200_0004.wav
/home/yoclu/Downloads/SE_data/clean_wav/FEEH0_FEEH0_SX32.wav
/home/yoclu/Downloads/SE_data/clean_wav/MEWM0_MEWM0_SI1348.wav
/home/yoclu/Downloads/SE_data/clean_wav/MBMA1_MBMA1_SX54.wav
/home/yoclu/Downloads/SE_data/clean_wav/FJSK0_FJSK0_SI1682.wav
/home/yoclu/Downloads/SE_data/clean_wav/MTLS0_MTLS0_SX110.wav
/home/yoclu/Downloads/SE_data/clean_wav/MMDS0_MMDS0_SI1343.wav
/home/yoclu/Downloads/SE_data/clean_wav/FGJD0_FGJD0_SI549.wav
/home/yoclu/Downloads/SE_data/clean_wav/FECD0_FECD0_SX338.wav
/home/yoclu/Downloads/SE_data/clean_wav/FGCS0_FGCS0_SX316.wav
/home/yoclu/Downloads/SE_data/clean_wav/MWAR0_MWAR0_SX235.wav
/home/yoclu/Downloads/SE_data/clean_wav/wav2_200_00119.wav
/home/yoclu/Downloads/SE_data/clean_wav/FMAH1_FMAH1_SI1509.wav
/home/yoclu/Downloads/SE_data/clean_wav/speaker194_11951026.wav
/home/yoclu/Downloads/SE_data/clean_wav/MWRP0_MWRP0_SX273.wav
/home/yoclu/Downloads/SE_data/clean_wav/FCYL0_FCYL0_SI667.wav
/home/yoclu/Downloads/SE_data/clean_wav/MRTJ0_MRTJ0_SX232.wav
/home/yoclu/Downloads/SE_data/clean_wav/MGAG0_MGAG0_SX331.wav
/home/yoclu/Downloads/SE_data/clean_wav/MJBG0_MJBG0_SX152.wav
/home/yoclu/Downloads/SE_data/clean_wav/MGLB0_MGLB0_SX4.wav
/home/yoclu/Downloads/SE_data/clean_wav/wav_200_0005.wav
/home/yoclu/Downloads/SE_data/clean_wav/MJFH0_MJFH0_SI1737.wav
/home/yoclu/Downloads/SE_data/clean_wav/wav4_200_16k_100013.wav
/home/yoclu/Downloads/SE_data/clean_wav/FMKC0_FMKC0_SX352.wav
/home/yoclu/Downloads/SE_data/clean_wav/MCSH0_MCSH0_SX199.wav
/home/yoclu/Downloads/SE_data/clean_wav/MHMR0_MHMR0_SX39.wav
/home/yoclu/Downloads/SE_data/clean_wav/FHLM0_FHLM0_SX210.wav
/home/yoclu/Downloads/SE_data/clean_wav/wav7_200_aslp_zhy_00002.wav
/home/yoclu/Downloads/SE_data/clean_wav/MGWT0_MGWT0_SX369.wav
/home/yoclu/Downloads/SE_data/clean_wav/MGAK0_MGAK0_SI1036.wav
/home/yoclu/Downloads/SE_data/clean_wav/MJMM0_MJMM0_SI625.wav
/home/yoclu/Downloads/SE_data/clean_wav/MDLC2_MDLC2_SI1614.wav
/home/yoclu/Downloads/SE_data/clean_wav/FEDW0_FEDW0_SX94.wav
/home/yoclu/Downloads/SE_data/clean_wav/MBTH0_MBTH0_SX212.wav
/home/yoclu/Downloads/SE_data/clean_wav/FEXM0_FEXM0_SX291.wav
/home/yoclu/Downloads/SE_data/clean_wav/MCDD0_MCDD0_SX433.wav
/home/yoclu/Downloads/SE_data/clean_wav/MKDD0_MKDD0_SX37.wav
/home/yoclu/Downloads/SE_data/clean_wav/wav3_200_000089.wav
/home/yoclu/Downloads/SE_data/clean_wav/MGAG0_MGAG0_SI1321.wav
/home/yoclu/Downloads/SE_data/clean_wav/FJSJ0_FJSJ0_SX134.wav
/home/yoclu/Downloads/SE_data/clean_wav/FPMY0_FPMY0_SX343.wav
/home/yoclu/Downloads/SE_data/clean_wav/MJJB0_MJJB0_SI1769.wav
/home/yoclu/Downloads/SE_data/clean_wav/MDSS1_MDSS1_SX337.wav
/home/yoclu/Downloads/SE_data/clean_wav/MFXV0_MFXV0_SX375.wav
/home/yoclu/Downloads/SE_data/clean_wav/wav2_200_00122.wav
/home/yoclu/Downloads/SE_data/clean_wav/MMDM2_MMDM2_SX102.wav
/home/yoclu/Downloads/SE_data/clean_wav/MWGR0_MWGR0_SI2236.wav
/home/yoclu/Downloads/SE_data/clean_wav/MCEF0_MCEF0_SI842.wav
/home/yoclu/Downloads/SE_data/clean_wav/MBDG0_MBDG0_SX293.wav
/home/yoclu/Downloads/SE_data/clean_wav/wav7_200_aslp_zhy_00070.wav
/home/yoclu/Downloads/SE_data/clean_wav/wav7_200_aslp_zhy_00027.wav
/home/yoclu/Downloads/SE_data/clean_wav/FAJW0_FAJW0_SX363.wav
/home/yoclu/Downloads/SE_data/clean_wav/wav6_200_100086.wav
/home/yoclu/Downloads/SE_data/clean_wav/MKDD0_MKDD0_SI937.wav
/home/yoclu/Downloads/SE_data/clean_wav/FREW0_FREW0_SX110.wav
/home/yoclu/Downloads/SE_data/clean_wav/MJJJ0_MJJJ0_SI533.wav
/home/yoclu/Downloads/SE_data/clean_wav/FSEM0_FSEM0_SX208.wav
/home/yoclu/Downloads/SE_data/clean_wav/MHIT0_MHIT0_SX443.wav
/home/yoclu/Downloads/SE_data/clean_wav/speaker196_11971022.wav
/home/yoclu/Downloads/SE_data/clean_wav/MTEB0_MTEB0_SI1133.wav
/home/yoclu/Downloads/SE_data/clean_wav/MJJM0_MJJM0_SX377.wav
/home/yoclu/Downloads/SE_data/clean_wav/FCRZ0_FCRZ0_SI2053.wav
/home/yoclu/Downloads/SE_data/clean_wav/wav3_200_000024.wav
/home/yoclu/Downloads/SE_data/clean_wav/FJWB1_FJWB1_SX255.wav
/home/yoclu/Downloads/SE_data/clean_wav/FJWB1_FJWB1_SI748.wav
/home/yoclu/Downloads/SE_data/clean_wav/MRAB0_MRAB0_SI594.wav
/home/yoclu/Downloads/SE_data/clean_wav/wav3_200_000140.wav
/home/yoclu/Downloads/SE_data/clean_wav/FALK0_FALK0_SX276.wav
/home/yoclu/Downloads/SE_data/clean_wav/MSAT1_MSAT1_SX173.wav
/home/yoclu/Downloads/SE_data/clean_wav/MSDB0_MSDB0_SX377.wav
/home/yoclu/Downloads/SE_data/clean_wav/FCAJ0_FCAJ0_SX129.wav
/home/yoclu/Downloads/SE_data/clean_wav/wav4_200_16k_100089.wav
/home/yoclu/Downloads/SE_data/clean_wav/FPAC0_FPAC0_SX391.wav
/home/yoclu/Downloads/SE_data/clean_wav/wav2_200_00160.wav
/home/yoclu/Downloads/SE_data/clean_wav/MLEL0_MLEL0_SI1876.wav
/home/yoclu/Downloads/SE_data/clean_wav/wav2_200_00178.wav
/home/yoclu/Downloads/SE_data/clean_wav/MKAG0_MKAG0_SX79.wav
/home/yoclu/Downloads/SE_data/clean_wav/MJRK0_MJRK0_SX250.wav
/home/yoclu/Downloads/SE_data/clean_wav/wav6_200_100114.wav
/home/yoclu/Downloads/SE_data/clean_wav/FMPG0_FMPG0_SI972.wav
/home/yoclu/Downloads/SE_data/clean_wav/MGLB0_MGLB0_SX94.wav
/home/yoclu/Downloads/SE_data/clean_wav/MHJB0_MHJB0_SI2277.wav
/home/yoclu/Downloads/SE_data/clean_wav/FJHK0_FJHK0_SI2282.wav
/home/yoclu/Downloads/SE_data/clean_wav/FDHC0_FDHC0_SX119.wav
/home/yoclu/Downloads/SE_data/clean_wav/wav_200_0134.wav
/home/yoclu/Downloads/SE_data/clean_wav/wav6_200_100177.wav
/home/yoclu/Downloads/SE_data/clean_wav/wav3_200_000159.wav
/home/yoclu/Downloads/SE_data/clean_wav/MVRW0_MVRW0_SX405.wav
/home/yoclu/Downloads/SE_data/clean_wav/MKDB0_MKDB0_SI872.wav
/home/yoclu/Downloads/SE_data/clean_wav/MCSH0_MCSH0_SX109.wav
/home/yoclu/Downloads/SE_data/clean_wav/wav7_200_aslp_zhy_00173.wav
/home/yoclu/Downloads/SE_data/clean_wav/MRJR0_MRJR0_SX282.wav
/home/yoclu/Downloads/SE_data/clean_wav/speaker198_11991026.wav
/home/yoclu/Downloads/SE_data/clean_wav/FBMH0_FBMH0_SX56.wav
/home/yoclu/Downloads/SE_data/clean_wav/wav6_200_100169.wav
/home/yoclu/Downloads/SE_data/clean_wav/MGSH0_MGSH0_SX127.wav
/home/yoclu/Downloads/SE_data/clean_wav/wav7_200_aslp_zhy_00182.wav
/home/yoclu/Downloads/SE_data/clean_wav/wav5_200_16k_107151.wav
/home/yoclu/Downloads/SE_data/clean_wav/FLJG0_FLJG0_SX351.wav
/home/yoclu/Downloads/SE_data/clean_wav/MHIT0_MHIT0_SX353.wav
/home/yoclu/Downloads/SE_data/clean_wav/speaker196_11971031.wav
/home/yoclu/Downloads/SE_data/clean_wav/MRDS0_MRDS0_SI1167.wav
/home/yoclu/Downloads/SE_data/clean_wav/MWSH0_MWSH0_SX166.wav
/home/yoclu/Downloads/SE_data/clean_wav/wav2_200_00093.wav
/home/yoclu/Downloads/SE_data/clean_wav/wav4_200_16k_100064.wav
/home/yoclu/Downloads/SE_data/clean_wav/MJJB0_MJJB0_SX329.wav
/home/yoclu/Downloads/SE_data/clean_wav/MGSL0_MGSL0_SI797.wav
/home/yoclu/Downloads/SE_data/clean_wav/wav_200_0038.wav
/home/yoclu/Downloads/SE_data/clean_wav/MLNS0_MLNS0_SX417.wav
/home/yoclu/Downloads/SE_data/clean_wav/wav3_200_000068.wav
/home/yoclu/Downloads/SE_data/clean_wav/MMJR0_MMJR0_SX208.wav
/home/yoclu/Downloads/SE_data/clean_wav/MTDT0_MTDT0_SX4.wav
/home/yoclu/Downloads/SE_data/clean_wav/MJJB0_MJJB0_SI1139.wav
/home/yoclu/Downloads/SE_data/clean_wav/MGJF0_MGJF0_SX191.wav
/home/yoclu/Downloads/SE_data/clean_wav/MSRR0_MSRR0_SX411.wav
/home/yoclu/Downloads/SE_data/clean_wav/MTKP0_MTKP0_SI454.wav
/home/yoclu/Downloads/SE_data/clean_wav/MTAA0_MTAA0_SI596.wav
/home/yoclu/Downloads/SE_data/clean_wav/MTRC0_MTRC0_SI589.wav
/home/yoclu/Downloads/SE_data/clean_wav/MDEM0_MDEM0_SX428.wav
/home/yoclu/Downloads/SE_data/clean_wav/MRWS0_MRWS0_SX292.wav
/home/yoclu/Downloads/SE_data/clean_wav/MCSH0_MCSH0_SX379.wav
/home/yoclu/Downloads/SE_data/clean_wav/MRJM4_MRJM4_SX139.wav
/home/yoclu/Downloads/SE_data/clean_wav/MPAM0_MPAM0_SX289.wav
/home/yoclu/Downloads/SE_data/clean_wav/FMKF0_FMKF0_SX366.wav
/home/yoclu/Downloads/SE_data/clean_wav/wav2_200_00162.wav
/home/yoclu/Downloads/SE_data/clean_wav/speaker196_11971029.wav
/home/yoclu/Downloads/SE_data/clean_wav/FMMH0_FMMH0_SX420.wav
/home/yoclu/Downloads/SE_data/clean_wav/MLJH0_MLJH0_SI694.wav
/home/yoclu/Downloads/SE_data/clean_wav/speaker196_11971023.wav
/home/yoclu/Downloads/SE_data/clean_wav/speaker198_11991023.wav
/home/yoclu/Downloads/SE_data/clean_wav/FLMC0_FLMC0_SX336.wav
/home/yoclu/Downloads/SE_data/clean_wav/MPAM0_MPAM0_SI1961.wav
/home/yoclu/Downloads/SE_data/clean_wav/FBCH0_FBCH0_SX146.wav
/home/yoclu/Downloads/SE_data/clean_wav/MRAB0_MRAB0_SX234.wav
/home/yoclu/Downloads/SE_data/clean_wav/MMAA0_MMAA0_SX35.wav
/home/yoclu/Downloads/SE_data/clean_wav/MHBS0_MHBS0_SI945.wav
/home/yoclu/Downloads/SE_data/clean_wav/MCTH0_MCTH0_SX309.wav
/home/yoclu/Downloads/SE_data/clean_wav/wav6_200_100158.wav
/home/yoclu/Downloads/SE_data/clean_wav/MJEE0_MJEE0_SX427.wav
/home/yoclu/Downloads/SE_data/clean_wav/wav7_200_aslp_zhy_00013.wav
/home/yoclu/Downloads/SE_data/clean_wav/MKRG0_MKRG0_SX51.wav
/home/yoclu/Downloads/SE_data/clean_wav/speaker196_11971008.wav
/home/yoclu/Downloads/SE_data/clean_wav/FMLD0_FMLD0_SX25.wav
/home/yoclu/Downloads/SE_data/clean_wav/FETB0_FETB0_SX338.wav
/home/yoclu/Downloads/SE_data/clean_wav/MKES0_MKES0_SI1883.wav
/home/yoclu/Downloads/SE_data/clean_wav/MDEF0_MDEF0_SX393.wav
/home/yoclu/Downloads/SE_data/clean_wav/FPAB1_FPAB1_SX121.wav
/home/yoclu/Downloads/SE_data/clean_wav/MLBC0_MLBC0_SX159.wav
/home/yoclu/Downloads/SE_data/clean_wav/FBCG1_FBCG1_SX442.wav
/home/yoclu/Downloads/SE_data/clean_wav/FGCS0_FGCS0_SX226.wav
/home/yoclu/Downloads/SE_data/clean_wav/MGAK0_MGAK0_SI2296.wav
/home/yoclu/Downloads/SE_data/clean_wav/MBOM0_MBOM0_SX114.wav
/home/yoclu/Downloads/SE_data/clean_wav/FMKC0_FMKC0_SI1072.wav
/home/yoclu/Downloads/SE_data/clean_wav/MTPP0_MTPP0_SX68.wav
/home/yoclu/Downloads/SE_data/clean_wav/MRML0_MRML0_SX161.wav
/home/yoclu/Downloads/SE_data/clean_wav/MWSB0_MWSB0_SX96.wav
/home/yoclu/Downloads/SE_data/clean_wav/MPGH0_MPGH0_SI924.wav
/home/yoclu/Downloads/SE_data/clean_wav/MWAC0_MWAC0_SX71.wav
/home/yoclu/Downloads/SE_data/clean_wav/MAFM0_MAFM0_SI939.wav
/home/yoclu/Downloads/SE_data/clean_wav/MGAF0_MGAF0_SX382.wav
/home/yoclu/Downloads/SE_data/clean_wav/FSAH0_FSAH0_SI1244.wav
/home/yoclu/Downloads/SE_data/clean_wav/wav7_200_aslp_zhy_00094.wav
/home/yoclu/Downloads/SE_data/clean_wav/FJSP0_FJSP0_SX354.wav
/home/yoclu/Downloads/SE_data/clean_wav/wav3_200_000082.wav
/home/yoclu/Downloads/SE_data/clean_wav/MMAB1_MMAB1_SX234.wav
/home/yoclu/Downloads/SE_data/clean_wav/MTAB0_MTAB0_SI942.wav
/home/yoclu/Downloads/SE_data/clean_wav/wav6_200_100048.wav
/home/yoclu/Downloads/SE_data/clean_wav/speaker198_11991025.wav
/home/yoclu/Downloads/SE_data/clean_wav/MTAS0_MTAS0_SI755.wav
/home/yoclu/Downloads/SE_data/clean_wav/FSJW0_FSJW0_SI703.wav
/home/yoclu/Downloads/SE_data/clean_wav/wav_200_0199.wav
/home/yoclu/Downloads/SE_data/clean_wav/MJDG0_MJDG0_SX322.wav
/home/yoclu/Downloads/SE_data/clean_wav/FDMY0_FDMY0_SI714.wav
/home/yoclu/Downloads/SE_data/clean_wav/FREH0_FREH0_SI1945.wav
/home/yoclu/Downloads/SE_data/clean_wav/MFXS0_MFXS0_SX144.wav
/home/yoclu/Downloads/SE_data/clean_wav/MTJM0_MTJM0_SX56.wav
/home/yoclu/Downloads/SE_data/clean_wav/wav5_200_16k_107080.wav
