/home/yoclu/Downloads/SE_data/tfrecords/test/wav2_200_00145.wav.tfrecords
/home/yoclu/Downloads/SE_data/tfrecords/test/MBJV0_MBJV0_SX257.wav.tfrecords
/home/yoclu/Downloads/SE_data/tfrecords/test/MCSH0_MCSH0_SI919.wav.tfrecords
/home/yoclu/Downloads/SE_data/tfrecords/test/MTMT0_MTMT0_SX38.wav.tfrecords
/home/yoclu/Downloads/SE_data/tfrecords/test/wav6_200_100166.wav.tfrecords
/home/yoclu/Downloads/SE_data/tfrecords/test/MPGR1_MPGR1_SI2129.wav.tfrecords
/home/yoclu/Downloads/SE_data/tfrecords/test/MFWK0_MFWK0_SX169.wav.tfrecords
/home/yoclu/Downloads/SE_data/tfrecords/test/MEGJ0_MEGJ0_SI707.wav.tfrecords
/home/yoclu/Downloads/SE_data/tfrecords/test/MLSH0_MLSH0_SX337.wav.tfrecords
/home/yoclu/Downloads/SE_data/tfrecords/test/MJMA0_MJMA0_SX235.wav.tfrecords
/home/yoclu/Downloads/SE_data/tfrecords/test/MGRL0_MGRL0_SI867.wav.tfrecords
/home/yoclu/Downloads/SE_data/tfrecords/test/MDAS0_MDAS0_SI1896.wav.tfrecords
/home/yoclu/Downloads/SE_data/tfrecords/test/MWRE0_MWRE0_SX157.wav.tfrecords
/home/yoclu/Downloads/SE_data/tfrecords/test/wav3_200_000120.wav.tfrecords
/home/yoclu/Downloads/SE_data/tfrecords/test/FETB0_FETB0_SX428.wav.tfrecords
/home/yoclu/Downloads/SE_data/tfrecords/test/MRTC0_MRTC0_SX198.wav.tfrecords
/home/yoclu/Downloads/SE_data/tfrecords/test/speaker194_11951022.wav.tfrecords
/home/yoclu/Downloads/SE_data/tfrecords/test/wav5_200_16k_107108.wav.tfrecords
/home/yoclu/Downloads/SE_data/tfrecords/test/wav4_200_16k_100043.wav.tfrecords
/home/yoclu/Downloads/SE_data/tfrecords/test/wav2_200_00151.wav.tfrecords
/home/yoclu/Downloads/SE_data/tfrecords/test/MMGG0_MMGG0_SX359.wav.tfrecords
/home/yoclu/Downloads/SE_data/tfrecords/test/FEXM0_FEXM0_SX111.wav.tfrecords
/home/yoclu/Downloads/SE_data/tfrecords/test/wav4_200_16k_100198.wav.tfrecords
/home/yoclu/Downloads/SE_data/tfrecords/test/wav3_200_000014.wav.tfrecords
/home/yoclu/Downloads/SE_data/tfrecords/test/FDTD0_FDTD0_SI2191.wav.tfrecords
/home/yoclu/Downloads/SE_data/tfrecords/test/MPAM0_MPAM0_SX379.wav.tfrecords
/home/yoclu/Downloads/SE_data/tfrecords/test/MSAT0_MSAT0_SI896.wav.tfrecords
/home/yoclu/Downloads/SE_data/tfrecords/test/FLOD0_FLOD0_SX297.wav.tfrecords
/home/yoclu/Downloads/SE_data/tfrecords/test/MWEW0_MWEW0_SI1361.wav.tfrecords
/home/yoclu/Downloads/SE_data/tfrecords/test/MREE0_MREE0_SX114.wav.tfrecords
/home/yoclu/Downloads/SE_data/tfrecords/test/MBDG0_MBDG0_SX23.wav.tfrecords
/home/yoclu/Downloads/SE_data/tfrecords/test/FSJG0_FSJG0_SX310.wav.tfrecords
/home/yoclu/Downloads/SE_data/tfrecords/test/FCMG0_FCMG0_SI1242.wav.tfrecords
/home/yoclu/Downloads/SE_data/tfrecords/test/speaker195_11961014.wav.tfrecords
/home/yoclu/Downloads/SE_data/tfrecords/test/MRCW0_MRCW0_SX201.wav.tfrecords
/home/yoclu/Downloads/SE_data/tfrecords/test/wav2_200_00198.wav.tfrecords
/home/yoclu/Downloads/SE_data/tfrecords/test/MSMR0_MSMR0_SI1405.wav.tfrecords
/home/yoclu/Downloads/SE_data/tfrecords/test/MCDD0_MCDD0_SX253.wav.tfrecords
/home/yoclu/Downloads/SE_data/tfrecords/test/wav2_200_00110.wav.tfrecords
/home/yoclu/Downloads/SE_data/tfrecords/test/wav4_200_16k_100129.wav.tfrecords
/home/yoclu/Downloads/SE_data/tfrecords/test/wav7_200_aslp_zhy_00005.wav.tfrecords
/home/yoclu/Downloads/SE_data/tfrecords/test/wav3_200_000118.wav.tfrecords
/home/yoclu/Downloads/SE_data/tfrecords/test/FDAW0_FDAW0_SX146.wav.tfrecords
/home/yoclu/Downloads/SE_data/tfrecords/test/MCSH0_MCSH0_SX289.wav.tfrecords
/home/yoclu/Downloads/SE_data/tfrecords/test/wav5_200_16k_107123.wav.tfrecords
/home/yoclu/Downloads/SE_data/tfrecords/test/FHXS0_FHXS0_SX265.wav.tfrecords
/home/yoclu/Downloads/SE_data/tfrecords/test/MJWG0_MJWG0_SX445.wav.tfrecords
/home/yoclu/Downloads/SE_data/tfrecords/test/MMDM1_MMDM1_SX153.wav.tfrecords
/home/yoclu/Downloads/SE_data/tfrecords/test/MHIT0_MHIT0_SX173.wav.tfrecords
/home/yoclu/Downloads/SE_data/tfrecords/test/MCAL0_MCAL0_SI1768.wav.tfrecords
/home/yoclu/Downloads/SE_data/tfrecords/test/speaker199_12001037.wav.tfrecords
/home/yoclu/Downloads/SE_data/tfrecords/test/MJRG0_MJRG0_SI736.wav.tfrecords
/home/yoclu/Downloads/SE_data/tfrecords/test/MPRD0_MPRD0_SX171.wav.tfrecords
/home/yoclu/Downloads/SE_data/tfrecords/test/FKLC1_FKLC1_SI1678.wav.tfrecords
/home/yoclu/Downloads/SE_data/tfrecords/test/FDFB0_FDFB0_SX148.wav.tfrecords
/home/yoclu/Downloads/SE_data/tfrecords/test/FJEM0_FJEM0_SX4.wav.tfrecords
/home/yoclu/Downloads/SE_data/tfrecords/test/wav5_200_16k_107120.wav.tfrecords
/home/yoclu/Downloads/SE_data/tfrecords/test/FJKL0_FJKL0_SI932.wav.tfrecords
/home/yoclu/Downloads/SE_data/tfrecords/test/MGES0_MGES0_SX401.wav.tfrecords
/home/yoclu/Downloads/SE_data/tfrecords/test/MDTB0_MDTB0_SX390.wav.tfrecords
/home/yoclu/Downloads/SE_data/tfrecords/test/FNLP0_FNLP0_SX228.wav.tfrecords
/home/yoclu/Downloads/SE_data/tfrecords/test/wav7_200_aslp_zhy_00045.wav.tfrecords
/home/yoclu/Downloads/SE_data/tfrecords/test/MRAI0_MRAI0_SX342.wav.tfrecords
/home/yoclu/Downloads/SE_data/tfrecords/test/MBWM0_MBWM0_SI1304.wav.tfrecords
/home/yoclu/Downloads/SE_data/tfrecords/test/MCDD0_MCDD0_SX73.wav.tfrecords
/home/yoclu/Downloads/SE_data/tfrecords/test/MRXB0_MRXB0_SX415.wav.tfrecords
/home/yoclu/Downloads/SE_data/tfrecords/test/MMDG0_MMDG0_SI2035.wav.tfrecords
/home/yoclu/Downloads/SE_data/tfrecords/test/MKAM0_MKAM0_SI1465.wav.tfrecords
/home/yoclu/Downloads/SE_data/tfrecords/test/MLJC0_MLJC0_SX55.wav.tfrecords
/home/yoclu/Downloads/SE_data/tfrecords/test/MJEB1_MJEB1_SX207.wav.tfrecords
/home/yoclu/Downloads/SE_data/tfrecords/test/MGSL0_MGSL0_SX354.wav.tfrecords
/home/yoclu/Downloads/SE_data/tfrecords/test/FJLM0_FJLM0_SX53.wav.tfrecords
/home/yoclu/Downloads/SE_data/tfrecords/test/MGAG0_MGAG0_SX241.wav.tfrecords
/home/yoclu/Downloads/SE_data/tfrecords/test/MDHL0_MDHL0_SI809.wav.tfrecords
/home/yoclu/Downloads/SE_data/tfrecords/test/MDSS1_MDSS1_SI697.wav.tfrecords
/home/yoclu/Downloads/SE_data/tfrecords/test/MRTC0_MRTC0_SI1458.wav.tfrecords
/home/yoclu/Downloads/SE_data/tfrecords/test/FMAH0_FMAH0_SX209.wav.tfrecords
/home/yoclu/Downloads/SE_data/tfrecords/test/wav3_200_000096.wav.tfrecords
/home/yoclu/Downloads/SE_data/tfrecords/test/MJMP0_MJMP0_SX275.wav.tfrecords
/home/yoclu/Downloads/SE_data/tfrecords/test/wav3_200_000178.wav.tfrecords
/home/yoclu/Downloads/SE_data/tfrecords/test/MRDD0_MRDD0_SX150.wav.tfrecords
/home/yoclu/Downloads/SE_data/tfrecords/test/FSSB0_FSSB0_SX272.wav.tfrecords
/home/yoclu/Downloads/SE_data/tfrecords/test/wav3_200_000160.wav.tfrecords
/home/yoclu/Downloads/SE_data/tfrecords/test/wav5_200_16k_107183.wav.tfrecords
/home/yoclu/Downloads/SE_data/tfrecords/test/wav5_200_16k_107115.wav.tfrecords
/home/yoclu/Downloads/SE_data/tfrecords/test/wav2_200_00019.wav.tfrecords
/home/yoclu/Downloads/SE_data/tfrecords/test/wav7_200_aslp_zhy_00144.wav.tfrecords
/home/yoclu/Downloads/SE_data/tfrecords/test/FRJB0_FRJB0_SX77.wav.tfrecords
/home/yoclu/Downloads/SE_data/tfrecords/test/FGJD0_FGJD0_SX279.wav.tfrecords
/home/yoclu/Downloads/SE_data/tfrecords/test/MJRP0_MJRP0_SX45.wav.tfrecords
/home/yoclu/Downloads/SE_data/tfrecords/test/FCMG0_FCMG0_SX72.wav.tfrecords
/home/yoclu/Downloads/SE_data/tfrecords/test/wav6_200_100023.wav.tfrecords
/home/yoclu/Downloads/SE_data/tfrecords/test/wav3_200_000141.wav.tfrecords
/home/yoclu/Downloads/SE_data/tfrecords/test/wav2_200_00084.wav.tfrecords
/home/yoclu/Downloads/SE_data/tfrecords/test/MJLB0_MJLB0_SX266.wav.tfrecords
/home/yoclu/Downloads/SE_data/tfrecords/test/FGJD0_FGJD0_SI818.wav.tfrecords
/home/yoclu/Downloads/SE_data/tfrecords/test/MJPM0_MJPM0_SX198.wav.tfrecords
/home/yoclu/Downloads/SE_data/tfrecords/test/MKLW0_MKLW0_SX401.wav.tfrecords
/home/yoclu/Downloads/SE_data/tfrecords/test/FKKH0_FKKH0_SX300.wav.tfrecords
/home/yoclu/Downloads/SE_data/tfrecords/test/FMJF0_FMJF0_SI1884.wav.tfrecords
/home/yoclu/Downloads/SE_data/tfrecords/test/MNJM0_MNJM0_SX230.wav.tfrecords
/home/yoclu/Downloads/SE_data/tfrecords/test/MRKM0_MRKM0_SX7.wav.tfrecords
/home/yoclu/Downloads/SE_data/tfrecords/test/MDWD0_MDWD0_SX90.wav.tfrecords
/home/yoclu/Downloads/SE_data/tfrecords/test/MBOM0_MBOM0_SX311.wav.tfrecords
/home/yoclu/Downloads/SE_data/tfrecords/test/MSES0_MSES0_SX419.wav.tfrecords
/home/yoclu/Downloads/SE_data/tfrecords/test/MTXS0_MTXS0_SI1060.wav.tfrecords
/home/yoclu/Downloads/SE_data/tfrecords/test/FSGF0_FSGF0_SI2187.wav.tfrecords
/home/yoclu/Downloads/SE_data/tfrecords/test/wav7_200_aslp_zhy_00177.wav.tfrecords
/home/yoclu/Downloads/SE_data/tfrecords/test/wav6_200_100095.wav.tfrecords
/home/yoclu/Downloads/SE_data/tfrecords/test/MRCW0_MRCW0_SI1371.wav.tfrecords
/home/yoclu/Downloads/SE_data/tfrecords/test/wav_200_0041.wav.tfrecords
/home/yoclu/Downloads/SE_data/tfrecords/test/wav6_200_100055.wav.tfrecords
/home/yoclu/Downloads/SE_data/tfrecords/test/MNJM0_MNJM0_SX50.wav.tfrecords
/home/yoclu/Downloads/SE_data/tfrecords/test/wav5_200_16k_107089.wav.tfrecords
/home/yoclu/Downloads/SE_data/tfrecords/test/MKRG0_MKRG0_SX411.wav.tfrecords
/home/yoclu/Downloads/SE_data/tfrecords/test/FHXS0_FHXS0_SI1075.wav.tfrecords
/home/yoclu/Downloads/SE_data/tfrecords/test/FJXP0_FJXP0_SI1752.wav.tfrecords
/home/yoclu/Downloads/SE_data/tfrecords/test/MMRP0_MMRP0_SX54.wav.tfrecords
/home/yoclu/Downloads/SE_data/tfrecords/test/MDAC0_MDAC0_SI1261.wav.tfrecords
/home/yoclu/Downloads/SE_data/tfrecords/test/MJXL0_MJXL0_SI542.wav.tfrecords
/home/yoclu/Downloads/SE_data/tfrecords/test/MKAM0_MKAM0_SX326.wav.tfrecords
/home/yoclu/Downloads/SE_data/tfrecords/test/FKDW0_FKDW0_SX397.wav.tfrecords
/home/yoclu/Downloads/SE_data/tfrecords/test/wav2_200_00026.wav.tfrecords
/home/yoclu/Downloads/SE_data/tfrecords/test/wav_200_0004.wav.tfrecords
/home/yoclu/Downloads/SE_data/tfrecords/test/FEEH0_FEEH0_SX32.wav.tfrecords
/home/yoclu/Downloads/SE_data/tfrecords/test/MEWM0_MEWM0_SI1348.wav.tfrecords
/home/yoclu/Downloads/SE_data/tfrecords/test/MBMA1_MBMA1_SX54.wav.tfrecords
/home/yoclu/Downloads/SE_data/tfrecords/test/FJSK0_FJSK0_SI1682.wav.tfrecords
/home/yoclu/Downloads/SE_data/tfrecords/test/MTLS0_MTLS0_SX110.wav.tfrecords
/home/yoclu/Downloads/SE_data/tfrecords/test/MMDS0_MMDS0_SI1343.wav.tfrecords
/home/yoclu/Downloads/SE_data/tfrecords/test/FGJD0_FGJD0_SI549.wav.tfrecords
/home/yoclu/Downloads/SE_data/tfrecords/test/FECD0_FECD0_SX338.wav.tfrecords
/home/yoclu/Downloads/SE_data/tfrecords/test/FGCS0_FGCS0_SX316.wav.tfrecords
/home/yoclu/Downloads/SE_data/tfrecords/test/MWAR0_MWAR0_SX235.wav.tfrecords
/home/yoclu/Downloads/SE_data/tfrecords/test/wav2_200_00119.wav.tfrecords
/home/yoclu/Downloads/SE_data/tfrecords/test/FMAH1_FMAH1_SI1509.wav.tfrecords
/home/yoclu/Downloads/SE_data/tfrecords/test/speaker194_11951026.wav.tfrecords
/home/yoclu/Downloads/SE_data/tfrecords/test/MWRP0_MWRP0_SX273.wav.tfrecords
/home/yoclu/Downloads/SE_data/tfrecords/test/FCYL0_FCYL0_SI667.wav.tfrecords
/home/yoclu/Downloads/SE_data/tfrecords/test/MRTJ0_MRTJ0_SX232.wav.tfrecords
/home/yoclu/Downloads/SE_data/tfrecords/test/MGAG0_MGAG0_SX331.wav.tfrecords
/home/yoclu/Downloads/SE_data/tfrecords/test/MJBG0_MJBG0_SX152.wav.tfrecords
/home/yoclu/Downloads/SE_data/tfrecords/test/MGLB0_MGLB0_SX4.wav.tfrecords
/home/yoclu/Downloads/SE_data/tfrecords/test/wav_200_0005.wav.tfrecords
/home/yoclu/Downloads/SE_data/tfrecords/test/MJFH0_MJFH0_SI1737.wav.tfrecords
/home/yoclu/Downloads/SE_data/tfrecords/test/wav4_200_16k_100013.wav.tfrecords
/home/yoclu/Downloads/SE_data/tfrecords/test/FMKC0_FMKC0_SX352.wav.tfrecords
/home/yoclu/Downloads/SE_data/tfrecords/test/MCSH0_MCSH0_SX199.wav.tfrecords
/home/yoclu/Downloads/SE_data/tfrecords/test/MHMR0_MHMR0_SX39.wav.tfrecords
/home/yoclu/Downloads/SE_data/tfrecords/test/FHLM0_FHLM0_SX210.wav.tfrecords
/home/yoclu/Downloads/SE_data/tfrecords/test/wav7_200_aslp_zhy_00002.wav.tfrecords
/home/yoclu/Downloads/SE_data/tfrecords/test/MGWT0_MGWT0_SX369.wav.tfrecords
/home/yoclu/Downloads/SE_data/tfrecords/test/MGAK0_MGAK0_SI1036.wav.tfrecords
/home/yoclu/Downloads/SE_data/tfrecords/test/MJMM0_MJMM0_SI625.wav.tfrecords
/home/yoclu/Downloads/SE_data/tfrecords/test/MDLC2_MDLC2_SI1614.wav.tfrecords
/home/yoclu/Downloads/SE_data/tfrecords/test/FEDW0_FEDW0_SX94.wav.tfrecords
/home/yoclu/Downloads/SE_data/tfrecords/test/MBTH0_MBTH0_SX212.wav.tfrecords
/home/yoclu/Downloads/SE_data/tfrecords/test/FEXM0_FEXM0_SX291.wav.tfrecords
/home/yoclu/Downloads/SE_data/tfrecords/test/MCDD0_MCDD0_SX433.wav.tfrecords
/home/yoclu/Downloads/SE_data/tfrecords/test/MKDD0_MKDD0_SX37.wav.tfrecords
/home/yoclu/Downloads/SE_data/tfrecords/test/wav3_200_000089.wav.tfrecords
/home/yoclu/Downloads/SE_data/tfrecords/test/MGAG0_MGAG0_SI1321.wav.tfrecords
/home/yoclu/Downloads/SE_data/tfrecords/test/FJSJ0_FJSJ0_SX134.wav.tfrecords
/home/yoclu/Downloads/SE_data/tfrecords/test/FPMY0_FPMY0_SX343.wav.tfrecords
/home/yoclu/Downloads/SE_data/tfrecords/test/MJJB0_MJJB0_SI1769.wav.tfrecords
/home/yoclu/Downloads/SE_data/tfrecords/test/MDSS1_MDSS1_SX337.wav.tfrecords
/home/yoclu/Downloads/SE_data/tfrecords/test/MFXV0_MFXV0_SX375.wav.tfrecords
/home/yoclu/Downloads/SE_data/tfrecords/test/wav2_200_00122.wav.tfrecords
/home/yoclu/Downloads/SE_data/tfrecords/test/MMDM2_MMDM2_SX102.wav.tfrecords
/home/yoclu/Downloads/SE_data/tfrecords/test/MWGR0_MWGR0_SI2236.wav.tfrecords
/home/yoclu/Downloads/SE_data/tfrecords/test/MCEF0_MCEF0_SI842.wav.tfrecords
/home/yoclu/Downloads/SE_data/tfrecords/test/MBDG0_MBDG0_SX293.wav.tfrecords
/home/yoclu/Downloads/SE_data/tfrecords/test/wav7_200_aslp_zhy_00070.wav.tfrecords
/home/yoclu/Downloads/SE_data/tfrecords/test/wav7_200_aslp_zhy_00027.wav.tfrecords
/home/yoclu/Downloads/SE_data/tfrecords/test/FAJW0_FAJW0_SX363.wav.tfrecords
/home/yoclu/Downloads/SE_data/tfrecords/test/wav6_200_100086.wav.tfrecords
/home/yoclu/Downloads/SE_data/tfrecords/test/MKDD0_MKDD0_SI937.wav.tfrecords
/home/yoclu/Downloads/SE_data/tfrecords/test/FREW0_FREW0_SX110.wav.tfrecords
/home/yoclu/Downloads/SE_data/tfrecords/test/MJJJ0_MJJJ0_SI533.wav.tfrecords
/home/yoclu/Downloads/SE_data/tfrecords/test/FSEM0_FSEM0_SX208.wav.tfrecords
/home/yoclu/Downloads/SE_data/tfrecords/test/MHIT0_MHIT0_SX443.wav.tfrecords
/home/yoclu/Downloads/SE_data/tfrecords/test/speaker196_11971022.wav.tfrecords
/home/yoclu/Downloads/SE_data/tfrecords/test/MTEB0_MTEB0_SI1133.wav.tfrecords
/home/yoclu/Downloads/SE_data/tfrecords/test/MJJM0_MJJM0_SX377.wav.tfrecords
/home/yoclu/Downloads/SE_data/tfrecords/test/FCRZ0_FCRZ0_SI2053.wav.tfrecords
/home/yoclu/Downloads/SE_data/tfrecords/test/wav3_200_000024.wav.tfrecords
/home/yoclu/Downloads/SE_data/tfrecords/test/FJWB1_FJWB1_SX255.wav.tfrecords
/home/yoclu/Downloads/SE_data/tfrecords/test/FJWB1_FJWB1_SI748.wav.tfrecords
/home/yoclu/Downloads/SE_data/tfrecords/test/MRAB0_MRAB0_SI594.wav.tfrecords
/home/yoclu/Downloads/SE_data/tfrecords/test/wav3_200_000140.wav.tfrecords
/home/yoclu/Downloads/SE_data/tfrecords/test/FALK0_FALK0_SX276.wav.tfrecords
/home/yoclu/Downloads/SE_data/tfrecords/test/MSAT1_MSAT1_SX173.wav.tfrecords
/home/yoclu/Downloads/SE_data/tfrecords/test/MSDB0_MSDB0_SX377.wav.tfrecords
/home/yoclu/Downloads/SE_data/tfrecords/test/FCAJ0_FCAJ0_SX129.wav.tfrecords
/home/yoclu/Downloads/SE_data/tfrecords/test/wav4_200_16k_100089.wav.tfrecords
/home/yoclu/Downloads/SE_data/tfrecords/test/FPAC0_FPAC0_SX391.wav.tfrecords
/home/yoclu/Downloads/SE_data/tfrecords/test/wav2_200_00160.wav.tfrecords
/home/yoclu/Downloads/SE_data/tfrecords/test/MLEL0_MLEL0_SI1876.wav.tfrecords
/home/yoclu/Downloads/SE_data/tfrecords/test/wav2_200_00178.wav.tfrecords
/home/yoclu/Downloads/SE_data/tfrecords/test/MKAG0_MKAG0_SX79.wav.tfrecords
/home/yoclu/Downloads/SE_data/tfrecords/test/MJRK0_MJRK0_SX250.wav.tfrecords
/home/yoclu/Downloads/SE_data/tfrecords/test/wav6_200_100114.wav.tfrecords
/home/yoclu/Downloads/SE_data/tfrecords/test/FMPG0_FMPG0_SI972.wav.tfrecords
/home/yoclu/Downloads/SE_data/tfrecords/test/MGLB0_MGLB0_SX94.wav.tfrecords
/home/yoclu/Downloads/SE_data/tfrecords/test/MHJB0_MHJB0_SI2277.wav.tfrecords
/home/yoclu/Downloads/SE_data/tfrecords/test/FJHK0_FJHK0_SI2282.wav.tfrecords
/home/yoclu/Downloads/SE_data/tfrecords/test/FDHC0_FDHC0_SX119.wav.tfrecords
/home/yoclu/Downloads/SE_data/tfrecords/test/wav_200_0134.wav.tfrecords
/home/yoclu/Downloads/SE_data/tfrecords/test/wav6_200_100177.wav.tfrecords
/home/yoclu/Downloads/SE_data/tfrecords/test/wav3_200_000159.wav.tfrecords
/home/yoclu/Downloads/SE_data/tfrecords/test/MVRW0_MVRW0_SX405.wav.tfrecords
/home/yoclu/Downloads/SE_data/tfrecords/test/MKDB0_MKDB0_SI872.wav.tfrecords
/home/yoclu/Downloads/SE_data/tfrecords/test/MCSH0_MCSH0_SX109.wav.tfrecords
/home/yoclu/Downloads/SE_data/tfrecords/test/wav7_200_aslp_zhy_00173.wav.tfrecords
/home/yoclu/Downloads/SE_data/tfrecords/test/MRJR0_MRJR0_SX282.wav.tfrecords
/home/yoclu/Downloads/SE_data/tfrecords/test/speaker198_11991026.wav.tfrecords
/home/yoclu/Downloads/SE_data/tfrecords/test/FBMH0_FBMH0_SX56.wav.tfrecords
/home/yoclu/Downloads/SE_data/tfrecords/test/wav6_200_100169.wav.tfrecords
/home/yoclu/Downloads/SE_data/tfrecords/test/MGSH0_MGSH0_SX127.wav.tfrecords
/home/yoclu/Downloads/SE_data/tfrecords/test/wav7_200_aslp_zhy_00182.wav.tfrecords
/home/yoclu/Downloads/SE_data/tfrecords/test/wav5_200_16k_107151.wav.tfrecords
/home/yoclu/Downloads/SE_data/tfrecords/test/FLJG0_FLJG0_SX351.wav.tfrecords
/home/yoclu/Downloads/SE_data/tfrecords/test/MHIT0_MHIT0_SX353.wav.tfrecords
/home/yoclu/Downloads/SE_data/tfrecords/test/speaker196_11971031.wav.tfrecords
/home/yoclu/Downloads/SE_data/tfrecords/test/MRDS0_MRDS0_SI1167.wav.tfrecords
/home/yoclu/Downloads/SE_data/tfrecords/test/MWSH0_MWSH0_SX166.wav.tfrecords
/home/yoclu/Downloads/SE_data/tfrecords/test/wav2_200_00093.wav.tfrecords
/home/yoclu/Downloads/SE_data/tfrecords/test/wav4_200_16k_100064.wav.tfrecords
/home/yoclu/Downloads/SE_data/tfrecords/test/MJJB0_MJJB0_SX329.wav.tfrecords
/home/yoclu/Downloads/SE_data/tfrecords/test/MGSL0_MGSL0_SI797.wav.tfrecords
/home/yoclu/Downloads/SE_data/tfrecords/test/wav_200_0038.wav.tfrecords
/home/yoclu/Downloads/SE_data/tfrecords/test/MLNS0_MLNS0_SX417.wav.tfrecords
/home/yoclu/Downloads/SE_data/tfrecords/test/wav3_200_000068.wav.tfrecords
/home/yoclu/Downloads/SE_data/tfrecords/test/MMJR0_MMJR0_SX208.wav.tfrecords
/home/yoclu/Downloads/SE_data/tfrecords/test/MTDT0_MTDT0_SX4.wav.tfrecords
/home/yoclu/Downloads/SE_data/tfrecords/test/MJJB0_MJJB0_SI1139.wav.tfrecords
/home/yoclu/Downloads/SE_data/tfrecords/test/MGJF0_MGJF0_SX191.wav.tfrecords
/home/yoclu/Downloads/SE_data/tfrecords/test/MSRR0_MSRR0_SX411.wav.tfrecords
/home/yoclu/Downloads/SE_data/tfrecords/test/MTKP0_MTKP0_SI454.wav.tfrecords
/home/yoclu/Downloads/SE_data/tfrecords/test/MTAA0_MTAA0_SI596.wav.tfrecords
/home/yoclu/Downloads/SE_data/tfrecords/test/MTRC0_MTRC0_SI589.wav.tfrecords
/home/yoclu/Downloads/SE_data/tfrecords/test/MDEM0_MDEM0_SX428.wav.tfrecords
/home/yoclu/Downloads/SE_data/tfrecords/test/MRWS0_MRWS0_SX292.wav.tfrecords
/home/yoclu/Downloads/SE_data/tfrecords/test/MCSH0_MCSH0_SX379.wav.tfrecords
/home/yoclu/Downloads/SE_data/tfrecords/test/MRJM4_MRJM4_SX139.wav.tfrecords
/home/yoclu/Downloads/SE_data/tfrecords/test/MPAM0_MPAM0_SX289.wav.tfrecords
/home/yoclu/Downloads/SE_data/tfrecords/test/FMKF0_FMKF0_SX366.wav.tfrecords
/home/yoclu/Downloads/SE_data/tfrecords/test/wav2_200_00162.wav.tfrecords
/home/yoclu/Downloads/SE_data/tfrecords/test/speaker196_11971029.wav.tfrecords
/home/yoclu/Downloads/SE_data/tfrecords/test/FMMH0_FMMH0_SX420.wav.tfrecords
/home/yoclu/Downloads/SE_data/tfrecords/test/MLJH0_MLJH0_SI694.wav.tfrecords
/home/yoclu/Downloads/SE_data/tfrecords/test/speaker196_11971023.wav.tfrecords
/home/yoclu/Downloads/SE_data/tfrecords/test/speaker198_11991023.wav.tfrecords
/home/yoclu/Downloads/SE_data/tfrecords/test/FLMC0_FLMC0_SX336.wav.tfrecords
/home/yoclu/Downloads/SE_data/tfrecords/test/MPAM0_MPAM0_SI1961.wav.tfrecords
/home/yoclu/Downloads/SE_data/tfrecords/test/FBCH0_FBCH0_SX146.wav.tfrecords
/home/yoclu/Downloads/SE_data/tfrecords/test/MRAB0_MRAB0_SX234.wav.tfrecords
/home/yoclu/Downloads/SE_data/tfrecords/test/MMAA0_MMAA0_SX35.wav.tfrecords
/home/yoclu/Downloads/SE_data/tfrecords/test/MHBS0_MHBS0_SI945.wav.tfrecords
/home/yoclu/Downloads/SE_data/tfrecords/test/MCTH0_MCTH0_SX309.wav.tfrecords
/home/yoclu/Downloads/SE_data/tfrecords/test/wav6_200_100158.wav.tfrecords
/home/yoclu/Downloads/SE_data/tfrecords/test/MJEE0_MJEE0_SX427.wav.tfrecords
/home/yoclu/Downloads/SE_data/tfrecords/test/wav7_200_aslp_zhy_00013.wav.tfrecords
/home/yoclu/Downloads/SE_data/tfrecords/test/MKRG0_MKRG0_SX51.wav.tfrecords
/home/yoclu/Downloads/SE_data/tfrecords/test/speaker196_11971008.wav.tfrecords
/home/yoclu/Downloads/SE_data/tfrecords/test/FMLD0_FMLD0_SX25.wav.tfrecords
/home/yoclu/Downloads/SE_data/tfrecords/test/FETB0_FETB0_SX338.wav.tfrecords
/home/yoclu/Downloads/SE_data/tfrecords/test/MKES0_MKES0_SI1883.wav.tfrecords
/home/yoclu/Downloads/SE_data/tfrecords/test/MDEF0_MDEF0_SX393.wav.tfrecords
/home/yoclu/Downloads/SE_data/tfrecords/test/FPAB1_FPAB1_SX121.wav.tfrecords
/home/yoclu/Downloads/SE_data/tfrecords/test/MLBC0_MLBC0_SX159.wav.tfrecords
/home/yoclu/Downloads/SE_data/tfrecords/test/FBCG1_FBCG1_SX442.wav.tfrecords
/home/yoclu/Downloads/SE_data/tfrecords/test/FGCS0_FGCS0_SX226.wav.tfrecords
/home/yoclu/Downloads/SE_data/tfrecords/test/MGAK0_MGAK0_SI2296.wav.tfrecords
/home/yoclu/Downloads/SE_data/tfrecords/test/MBOM0_MBOM0_SX114.wav.tfrecords
/home/yoclu/Downloads/SE_data/tfrecords/test/FMKC0_FMKC0_SI1072.wav.tfrecords
/home/yoclu/Downloads/SE_data/tfrecords/test/MTPP0_MTPP0_SX68.wav.tfrecords
/home/yoclu/Downloads/SE_data/tfrecords/test/MRML0_MRML0_SX161.wav.tfrecords
/home/yoclu/Downloads/SE_data/tfrecords/test/MWSB0_MWSB0_SX96.wav.tfrecords
/home/yoclu/Downloads/SE_data/tfrecords/test/MPGH0_MPGH0_SI924.wav.tfrecords
/home/yoclu/Downloads/SE_data/tfrecords/test/MWAC0_MWAC0_SX71.wav.tfrecords
/home/yoclu/Downloads/SE_data/tfrecords/test/MAFM0_MAFM0_SI939.wav.tfrecords
/home/yoclu/Downloads/SE_data/tfrecords/test/MGAF0_MGAF0_SX382.wav.tfrecords
/home/yoclu/Downloads/SE_data/tfrecords/test/FSAH0_FSAH0_SI1244.wav.tfrecords
/home/yoclu/Downloads/SE_data/tfrecords/test/wav7_200_aslp_zhy_00094.wav.tfrecords
/home/yoclu/Downloads/SE_data/tfrecords/test/FJSP0_FJSP0_SX354.wav.tfrecords
/home/yoclu/Downloads/SE_data/tfrecords/test/wav3_200_000082.wav.tfrecords
/home/yoclu/Downloads/SE_data/tfrecords/test/MMAB1_MMAB1_SX234.wav.tfrecords
/home/yoclu/Downloads/SE_data/tfrecords/test/MTAB0_MTAB0_SI942.wav.tfrecords
/home/yoclu/Downloads/SE_data/tfrecords/test/wav6_200_100048.wav.tfrecords
/home/yoclu/Downloads/SE_data/tfrecords/test/speaker198_11991025.wav.tfrecords
/home/yoclu/Downloads/SE_data/tfrecords/test/MTAS0_MTAS0_SI755.wav.tfrecords
/home/yoclu/Downloads/SE_data/tfrecords/test/FSJW0_FSJW0_SI703.wav.tfrecords
/home/yoclu/Downloads/SE_data/tfrecords/test/wav_200_0199.wav.tfrecords
/home/yoclu/Downloads/SE_data/tfrecords/test/MJDG0_MJDG0_SX322.wav.tfrecords
/home/yoclu/Downloads/SE_data/tfrecords/test/FDMY0_FDMY0_SI714.wav.tfrecords
/home/yoclu/Downloads/SE_data/tfrecords/test/FREH0_FREH0_SI1945.wav.tfrecords
/home/yoclu/Downloads/SE_data/tfrecords/test/MFXS0_MFXS0_SX144.wav.tfrecords
/home/yoclu/Downloads/SE_data/tfrecords/test/MTJM0_MTJM0_SX56.wav.tfrecords
/home/yoclu/Downloads/SE_data/tfrecords/test/wav5_200_16k_107080.wav.tfrecords
